
C:\Projects\IntelliJ\urban-geo-pulse\basic-implementation\services\locations-finder>set LOCATIONS_FINDER_SESSION_TIMEOUT_SECONDS_CONFIG=120 

C:\Projects\IntelliJ\urban-geo-pulse\basic-implementation\services\locations-finder>REM Note: LOCATIONS_FINDER_MOBILITY_TYPE_PARTITIONS_COUNT partitions (e.g. 15) =  

C:\Projects\IntelliJ\urban-geo-pulse\basic-implementation\services\locations-finder>REM 		LOCATIONS_FINDER_CONSUMER_THREADS_COUNT of street 		 (e.g. 8) +  

C:\Projects\IntelliJ\urban-geo-pulse\basic-implementation\services\locations-finder>REM 		LOCATIONS_FINDER_CONSUMER_THREADS_COUNT of neighborhood  (e.g. 7) 

C:\Projects\IntelliJ\urban-geo-pulse\basic-implementation\services\locations-finder>REM -----------------------------------------------------------------------------  

C:\Projects\IntelliJ\urban-geo-pulse\basic-implementation\services\locations-finder>set LOCATIONS_FINDER_MOBILITY_TYPE=pedestrians 

C:\Projects\IntelliJ\urban-geo-pulse\basic-implementation\services\locations-finder>set LOCATIONS_FINDER_MOBILITY_TYPE_PARTITIONS_COUNT=15 

C:\Projects\IntelliJ\urban-geo-pulse\basic-implementation\services\locations-finder>set LOCATIONS_FINDER_LOCATION_TYPE=street 

C:\Projects\IntelliJ\urban-geo-pulse\basic-implementation\services\locations-finder>set LOCATIONS_FINDER_CONSUMER_THREADS_COUNT=8 

C:\Projects\IntelliJ\urban-geo-pulse\basic-implementation\services\locations-finder>for /L %i in (1 1 1) do start /B  java -Xms128M -jar target\locations-finder-1.0.jar  

C:\Projects\IntelliJ\urban-geo-pulse\basic-implementation\services\locations-finder>start /B  java -Xms128M -jar target\locations-finder-1.0.jar  

C:\Projects\IntelliJ\urban-geo-pulse\basic-implementation\services\locations-finder>set LOCATIONS_FINDER_LOCATION_TYPE=neighborhood 

C:\Projects\IntelliJ\urban-geo-pulse\basic-implementation\services\locations-finder>set LOCATIONS_FINDER_CONSUMER_THREADS_COUNT=7 

C:\Projects\IntelliJ\urban-geo-pulse\basic-implementation\services\locations-finder>for /L %i in (1 1 1) do start /B  java -Xms128M -jar target\locations-finder-1.0.jar  

C:\Projects\IntelliJ\urban-geo-pulse\basic-implementation\services\locations-finder>start /B  java -Xms128M -jar target\locations-finder-1.0.jar  

C:\Projects\IntelliJ\urban-geo-pulse\basic-implementation\services\locations-finder>REM Note: LOCATIONS_FINDER_MOBILITY_TYPE_PARTITIONS_COUNT partitions =  

C:\Projects\IntelliJ\urban-geo-pulse\basic-implementation\services\locations-finder>REM 		LOCATIONS_FINDER_CONSUMER_THREADS_COUNT of street +  

C:\Projects\IntelliJ\urban-geo-pulse\basic-implementation\services\locations-finder>REM 		LOCATIONS_FINDER_CONSUMER_THREADS_COUNT of neighborhood  

C:\Projects\IntelliJ\urban-geo-pulse\basic-implementation\services\locations-finder>REM ------------------------------------------------------------------- 

C:\Projects\IntelliJ\urban-geo-pulse\basic-implementation\services\locations-finder>set LOCATIONS_FINDER_MOBILITY_TYPE=mobilized 

C:\Projects\IntelliJ\urban-geo-pulse\basic-implementation\services\locations-finder>set LOCATIONS_FINDER_MOBILITY_TYPE_PARTITIONS_COUNT=10 

C:\Projects\IntelliJ\urban-geo-pulse\basic-implementation\services\locations-finder>set LOCATIONS_FINDER_LOCATION_TYPE=street 

C:\Projects\IntelliJ\urban-geo-pulse\basic-implementation\services\locations-finder>set LOCATIONS_FINDER_CONSUMER_THREADS_COUNT=5 

C:\Projects\IntelliJ\urban-geo-pulse\basic-implementation\services\locations-finder>for /L %i in (1 1 1) do start /B  java -Xms128M -jar target\locations-finder-1.0.jar  

C:\Projects\IntelliJ\urban-geo-pulse\basic-implementation\services\locations-finder>start /B  java -Xms128M -jar target\locations-finder-1.0.jar  

C:\Projects\IntelliJ\urban-geo-pulse\basic-implementation\services\locations-finder>set LOCATIONS_FINDER_LOCATION_TYPE=neighborhood 

C:\Projects\IntelliJ\urban-geo-pulse\basic-implementation\services\locations-finder>set LOCATIONS_FINDER_CONSUMER_THREADS_COUNT=5 

C:\Projects\IntelliJ\urban-geo-pulse\basic-implementation\services\locations-finder>for /L %i in (1 1 1) do start /B  java -Xms128M -jar target\locations-finder-1.0.jar  

C:\Projects\IntelliJ\urban-geo-pulse\basic-implementation\services\locations-finder>start /B  java -Xms128M -jar target\locations-finder-1.0.jar  

C:\Projects\IntelliJ\urban-geo-pulse\basic-implementation\services\locations-finder>
  .   ____          _            __ _ _
 /\\ / ___'_ __ _ _(_)_ __  __ _ \ \ \ \
( ( )\___ | '_ | '_| | '_ \/ _` | \ \ \ \
 \\/  ___)| |_)| | | | | || (_| |  ) ) ) )
  '  |____| .__|_| |_|_| |_\__, | / / / /
 =========|_|==============|___/=/_/_/_/
 :: Spring Boot ::                (v2.4.5)


  .   ____          _            __ _ _
 /\\ / ___'_ __ _ _(_)_ __  __ _ \ \ \ \
( ( )\___ | '_ | '_| | '_ \/ _` | \ \ \ \
2025-02-26 19:55:29.055  INFO 22460 --- [           main] com.urbangeopulse.finder.Application     : Starting Application v1.0 using Java 21.0.6 on ANAT-WIN10 with PID 22460 (C:\Projects\IntelliJ\urban-geo-pulse\basic-implementation\services\locations-finder\target\locations-finder-1.0.jar started by הילה חכמון in C:\Projects\IntelliJ\urban-geo-pulse\basic-implementation\services\locations-finder)
2025-02-26 19:55:29.071  INFO 22460 --- [           main] com.urbangeopulse.finder.Application     : No active profile set, falling back to default profiles: default
 \\/  ___)| |_)| | | | | || (_| |  ) ) ) )
  '  |____| .__|_| |_|_| |_\__, | / / / /
 =========|_|==============|___/=/_/_/_/
 :: Spring Boot ::                (v2.4.5)

2025-02-26 19:55:29.342  INFO 8580 --- [           main] com.urbangeopulse.finder.Application     : Starting Application v1.0 using Java 21.0.6 on ANAT-WIN10 with PID 8580 (C:\Projects\IntelliJ\urban-geo-pulse\basic-implementation\services\locations-finder\target\locations-finder-1.0.jar started by הילה חכמון in C:\Projects\IntelliJ\urban-geo-pulse\basic-implementation\services\locations-finder)
2025-02-26 19:55:29.347  INFO 8580 --- [           main] com.urbangeopulse.finder.Application     : No active profile set, falling back to default profiles: default

  .   ____          _            __ _ _
 /\\ / ___'_ __ _ _(_)_ __  __ _ \ \ \ \
( ( )\___ | '_ | '_| | '_ \/ _` | \ \ \ \
 \\/  ___)| |_)| | | | | || (_| |  ) ) ) )
  '  |____| .__|_| |_|_| |_\__, | / / / /
 =========|_|==============|___/=/_/_/_/
 :: Spring Boot ::                (v2.4.5)


  .   ____          _            __ _ _
 /\\ / ___'_ __ _ _(_)_ __  __ _ \ \ \ \
( ( )\___ | '_ | '_| | '_ \/ _` | \ \ \ \
 \\/  ___)| |_)| | | | | || (_| |  ) ) ) )
  '  |____| .__|_| |_|_| |_\__, | / / / /
 =========|_|==============|___/=/_/_/_/
 :: Spring Boot ::                (v2.4.5)

2025-02-26 19:55:30.622  INFO 9508 --- [           main] com.urbangeopulse.finder.Application     : Starting Application v1.0 using Java 21.0.6 on ANAT-WIN10 with PID 9508 (C:\Projects\IntelliJ\urban-geo-pulse\basic-implementation\services\locations-finder\target\locations-finder-1.0.jar started by הילה חכמון in C:\Projects\IntelliJ\urban-geo-pulse\basic-implementation\services\locations-finder)
2025-02-26 19:55:30.626  INFO 9508 --- [           main] com.urbangeopulse.finder.Application     : No active profile set, falling back to default profiles: default
2025-02-26 19:55:30.976  INFO 18292 --- [           main] com.urbangeopulse.finder.Application     : Starting Application v1.0 using Java 21.0.6 on ANAT-WIN10 with PID 18292 (C:\Projects\IntelliJ\urban-geo-pulse\basic-implementation\services\locations-finder\target\locations-finder-1.0.jar started by הילה חכמון in C:\Projects\IntelliJ\urban-geo-pulse\basic-implementation\services\locations-finder)
2025-02-26 19:55:30.981  INFO 18292 --- [           main] com.urbangeopulse.finder.Application     : No active profile set, falling back to default profiles: default
2025-02-26 19:55:34.328  INFO 22460 --- [           main] c.urbangeopulse.finder.LocationsFinder   : Creating input topic 'pedestrians_geo_locations' with 15 partitions, output topic 'pedestrians_streets', and delay manager topic 'delays', if they do not exist yet. . ...
2025-02-26 19:55:34.362  INFO 8580 --- [           main] c.urbangeopulse.finder.LocationsFinder   : Creating input topic 'pedestrians_geo_locations' with 15 partitions, output topic 'pedestrians_neighborhoods', and delay manager topic 'delays', if they do not exist yet. . ...
2025-02-26 19:55:35.301  INFO 9508 --- [           main] c.urbangeopulse.finder.LocationsFinder   : Creating input topic 'mobilized_geo_locations' with 10 partitions, output topic 'mobilized_streets', and delay manager topic 'delays', if they do not exist yet. . ...
2025-02-26 19:55:35.626  INFO 18292 --- [           main] c.urbangeopulse.finder.LocationsFinder   : Creating input topic 'mobilized_geo_locations' with 10 partitions, output topic 'mobilized_neighborhoods', and delay manager topic 'delays', if they do not exist yet. . ...
2025-02-26 19:55:37.477  WARN 8580 --- [           main] c.urbangeopulse.utils.kafka.KafkaUtils   : Failed to create topic 'pedestrians_geo_locations' due to TopicExistsException, after 0 seconds.
2025-02-26 19:55:37.949  WARN 18292 --- [           main] c.urbangeopulse.utils.kafka.KafkaUtils   : Failed to create topic 'mobilized_geo_locations' due to TopicExistsException, after 0 seconds.
2025-02-26 19:55:40.777  WARN 22460 --- [           main] c.urbangeopulse.utils.kafka.KafkaUtils   : Failed to create topic 'delays' due to TopicExistsException, after 0 seconds.
2025-02-26 19:55:40.782  INFO 22460 --- [           main] c.urbangeopulse.finder.LocationsFinder   : Started  8 consumer threads from topic 'pedestrians_geo_locations' to topic 'pedestrians_streets'.
2025-02-26 19:55:40.810  WARN 18292 --- [           main] c.urbangeopulse.utils.kafka.KafkaUtils   : Failed to create topic 'delays' due to TopicExistsException, after 0 seconds.
2025-02-26 19:55:40.813  INFO 18292 --- [           main] c.urbangeopulse.finder.LocationsFinder   : Started  5 consumer threads from topic 'mobilized_geo_locations' to topic 'mobilized_neighborhoods'.
2025-02-26 19:55:41.146  INFO 8580 --- [           main] c.urbangeopulse.finder.LocationsFinder   : Started  7 consumer threads from topic 'pedestrians_geo_locations' to topic 'pedestrians_neighborhoods'.
2025-02-26 19:55:41.345  INFO 22460 --- [           main] com.urbangeopulse.finder.Application     : Started Application in 15.613 seconds (JVM running for 18.383)
2025-02-26 19:55:41.682  INFO 18292 --- [           main] com.urbangeopulse.finder.Application     : Started Application in 13.768 seconds (JVM running for 17.602)
2025-02-26 19:55:42.048  INFO 8580 --- [           main] com.urbangeopulse.finder.Application     : Started Application in 15.855 seconds (JVM running for 18.975)
2025-02-26 19:55:42.294  INFO 9508 --- [           main] c.urbangeopulse.finder.LocationsFinder   : Started  5 consumer threads from topic 'mobilized_geo_locations' to topic 'mobilized_streets'.
2025-02-26 19:55:42.789  INFO 9508 --- [           main] com.urbangeopulse.finder.Application     : Started Application in 15.336 seconds (JVM running for 18.974)
2025-02-26 19:57:02.537  INFO 22460 --- [pool-1-thread-8] c.urbangeopulse.finder.LocationsFinder   : 10,000 records consumed from topic 'pedestrians_geo_locations' for 'streets' ...
2025-02-26 19:57:04.351  INFO 8580 --- [pool-1-thread-7] c.urbangeopulse.finder.LocationsFinder   : 10,000 records consumed from topic 'pedestrians_geo_locations' for 'neighborhoods' ...
2025-02-26 19:57:38.449  INFO 22460 --- [pool-1-thread-6] c.urbangeopulse.finder.LocationsFinder   : 20,000 records consumed from topic 'pedestrians_geo_locations' for 'streets' ...
2025-02-26 19:57:41.610  INFO 8580 --- [pool-1-thread-6] c.urbangeopulse.finder.LocationsFinder   : 20,000 records consumed from topic 'pedestrians_geo_locations' for 'neighborhoods' ...
2025-02-26 19:58:18.683  INFO 22460 --- [pool-1-thread-4] c.urbangeopulse.finder.LocationsFinder   : 30,000 records consumed from topic 'pedestrians_geo_locations' for 'streets' ...
2025-02-26 19:58:23.377  INFO 8580 --- [pool-1-thread-3] c.urbangeopulse.finder.LocationsFinder   : 30,000 records consumed from topic 'pedestrians_geo_locations' for 'neighborhoods' ...
2025-02-26 19:58:54.035  INFO 22460 --- [pool-1-thread-1] c.urbangeopulse.finder.LocationsFinder   : 40,000 records consumed from topic 'pedestrians_geo_locations' for 'streets' ...
2025-02-26 19:58:56.766  INFO 18292 --- [pool-1-thread-4] c.urbangeopulse.finder.LocationsFinder   : 10,000 records consumed from topic 'mobilized_geo_locations' for 'neighborhoods' ...
2025-02-26 19:58:56.769  INFO 9508 --- [pool-1-thread-5] c.urbangeopulse.finder.LocationsFinder   : 10,000 records consumed from topic 'mobilized_geo_locations' for 'streets' ...
2025-02-26 19:59:00.832  INFO 8580 --- [pool-1-thread-1] c.urbangeopulse.finder.LocationsFinder   : 40,000 records consumed from topic 'pedestrians_geo_locations' for 'neighborhoods' ...
