
C:\Projects\IntelliJ\urban-geo-pulse\basic-implementation\services\mobilization-classifier>set MOBILIZATION_CLASSIFIER_AUTO_OFFSET_RESET_CONFIG=earliest 

C:\Projects\IntelliJ\urban-geo-pulse\basic-implementation\services\mobilization-classifier>set MOBILIZATION_CLASSIFIER_SESSION_TIMEOUT_SECONDS_CONFIG=120 

C:\Projects\IntelliJ\urban-geo-pulse\basic-implementation\services\mobilization-classifier>set PEDESTRIANS_GEO_LOCATIONS_TOPIC_NAME=pedestrians_geo_locations 

C:\Projects\IntelliJ\urban-geo-pulse\basic-implementation\services\mobilization-classifier>set MOBILIZED_GEO_LOCATIONS_TOPIC_NAME=mobilized_geo_locations 

C:\Projects\IntelliJ\urban-geo-pulse\basic-implementation\services\mobilization-classifier>for /L %i in (1 1 1) do start /B  java -Xms128M -jar target\mobilization-classifier-1.0.jar  

C:\Projects\IntelliJ\urban-geo-pulse\basic-implementation\services\mobilization-classifier>start /B  java -Xms128M -jar target\mobilization-classifier-1.0.jar  

C:\Projects\IntelliJ\urban-geo-pulse\basic-implementation\services\mobilization-classifier>
  .   ____          _            __ _ _
 /\\ / ___'_ __ _ _(_)_ __  __ _ \ \ \ \
( ( )\___ | '_ | '_| | '_ \/ _` | \ \ \ \
 \\/  ___)| |_)| | | | | || (_| |  ) ) ) )
  '  |____| .__|_| |_|_| |_\__, | / / / /
 =========|_|==============|___/=/_/_/_/
 :: Spring Boot ::                (v2.4.5)

2025-02-26 19:55:27.228  INFO 10480 --- [           main] c.urbangeopulse.classifier.Application   : Starting Application v1.0 using Java 21.0.6 on ANAT-WIN10 with PID 10480 (C:\Projects\IntelliJ\urban-geo-pulse\basic-implementation\services\mobilization-classifier\target\mobilization-classifier-1.0.jar started by הילה חכמון in C:\Projects\IntelliJ\urban-geo-pulse\basic-implementation\services\mobilization-classifier)
2025-02-26 19:55:27.233  INFO 10480 --- [           main] c.urbangeopulse.classifier.Application   : No active profile set, falling back to default profiles: default
2025-02-26 19:55:31.760  INFO 10480 --- [           main] c.u.classifier.MobilizationClassifier    : Creating input topic 'people_geo_locations' with 20 partitions, and output topics 'pedestrians_geo_locations' and 'mobilized_geo_locations', if they do not exist yet. . ...


C:\Projects\IntelliJ\urban-geo-pulse\basic-implementation\services\mobilization-classifier>2025-02-26 19:55:38.368  WARN 10480 --- [           main] c.urbangeopulse.utils.kafka.KafkaUtils   : Failed to create topic 'pedestrians_geo_locations' due to TopicExistsException, after 0 seconds.
2025-02-26 19:55:38.473  WARN 10480 --- [           main] c.urbangeopulse.utils.kafka.KafkaUtils   : Failed to create topic 'mobilized_geo_locations' due to TopicExistsException, after 0 seconds.
2025-02-26 19:55:38.477  INFO 10480 --- [           main] c.u.classifier.MobilizationClassifier    : Started 20 consumer threads from topic 'people_geo_locations' to topics 'pedestrians_geo_locations' and 'mobilized_geo_locations'.
2025-02-26 19:55:38.912  INFO 10480 --- [           main] c.urbangeopulse.classifier.Application   : Started Application in 14.737 seconds (JVM running for 16.326)
2025-02-26 19:56:33.167  INFO 10480 --- [pool-1-thread-2] c.u.classifier.MobilizationClassifier    : 10,000 records consumed from topic 'people_geo_locations'.
2025-02-26 19:56:54.514  INFO 10480 --- [ool-1-thread-12] c.u.classifier.MobilizationClassifier    : 20,000 records consumed from topic 'people_geo_locations'.
2025-02-26 19:57:11.098  INFO 10480 --- [pool-1-thread-8] c.u.classifier.MobilizationClassifier    : 30,000 records consumed from topic 'people_geo_locations'.
2025-02-26 19:57:25.049  INFO 10480 --- [ool-1-thread-17] c.u.classifier.MobilizationClassifier    : 40,000 records consumed from topic 'people_geo_locations'.
2025-02-26 19:57:38.669  INFO 10480 --- [ool-1-thread-18] c.u.classifier.MobilizationClassifier    : 50,000 records consumed from topic 'people_geo_locations'.
2025-02-26 19:57:58.421  INFO 10480 --- [ool-1-thread-15] c.u.classifier.MobilizationClassifier    : 60,000 records consumed from topic 'people_geo_locations'.
2025-02-26 19:58:12.614  INFO 10480 --- [ool-1-thread-12] c.u.classifier.MobilizationClassifier    : 70,000 records consumed from topic 'people_geo_locations'.
2025-02-26 19:58:26.915  INFO 10480 --- [pool-1-thread-5] c.u.classifier.MobilizationClassifier    : 80,000 records consumed from topic 'people_geo_locations'.
2025-02-26 19:58:41.998  INFO 10480 --- [ool-1-thread-20] c.u.classifier.MobilizationClassifier    : 90,000 records consumed from topic 'people_geo_locations'.
2025-02-26 19:58:55.845  INFO 10480 --- [ool-1-thread-16] c.u.classifier.MobilizationClassifier    : 100,000 records consumed from topic 'people_geo_locations'.
2025-02-26 19:59:09.597  INFO 10480 --- [ool-1-thread-12] c.u.classifier.MobilizationClassifier    : 110,000 records consumed from topic 'people_geo_locations'.


C:\Projects\IntelliJ\urban-geo-pulse\basic-implementation\services\mobilization-classifier>