
C:\Projects\IntelliJ\urban-geo-pulse\basic-implementation\services\locations-finder>set LOCATIONS_FINDER_SESSION_TIMEOUT_SECONDS_CONFIG=120 

C:\Projects\IntelliJ\urban-geo-pulse\basic-implementation\services\locations-finder>@REM Note: LOCATIONS_FINDER_MOBILITY_TYPE_PARTITIONS_COUNT partitions (e.g. 15) =  

C:\Projects\IntelliJ\urban-geo-pulse\basic-implementation\services\locations-finder>@REM 		LOCATIONS_FINDER_CONSUMER_THREADS_COUNT of street 		 (e.g. 8) +  

C:\Projects\IntelliJ\urban-geo-pulse\basic-implementation\services\locations-finder>@REM 		LOCATIONS_FINDER_CONSUMER_THREADS_COUNT of neighborhood  (e.g. 7) 

C:\Projects\IntelliJ\urban-geo-pulse\basic-implementation\services\locations-finder>@REM -----------------------------------------------------------------------------  

C:\Projects\IntelliJ\urban-geo-pulse\basic-implementation\services\locations-finder>set LOCATIONS_FINDER_MOBILITY_TYPE=pedestrians 

C:\Projects\IntelliJ\urban-geo-pulse\basic-implementation\services\locations-finder>set LOCATIONS_FINDER_MOBILITY_TYPE_PARTITIONS_COUNT=15 

C:\Projects\IntelliJ\urban-geo-pulse\basic-implementation\services\locations-finder>set LOCATIONS_FINDER_LOCATION_TYPE=street 

C:\Projects\IntelliJ\urban-geo-pulse\basic-implementation\services\locations-finder>set LOCATIONS_FINDER_CONSUMER_THREADS_COUNT=8 

C:\Projects\IntelliJ\urban-geo-pulse\basic-implementation\services\locations-finder>for /L %i in (1 1 1) do start /B  java -Xms128M -jar target\locations-finder-1.0.jar  

C:\Projects\IntelliJ\urban-geo-pulse\basic-implementation\services\locations-finder>start /B  java -Xms128M -jar target\locations-finder-1.0.jar  

C:\Projects\IntelliJ\urban-geo-pulse\basic-implementation\services\locations-finder>set LOCATIONS_FINDER_LOCATION_TYPE=neighborhood 

C:\Projects\IntelliJ\urban-geo-pulse\basic-implementation\services\locations-finder>set LOCATIONS_FINDER_CONSUMER_THREADS_COUNT=7 

C:\Projects\IntelliJ\urban-geo-pulse\basic-implementation\services\locations-finder>for /L %i in (1 1 1) do start /B  java -Xms128M -jar target\locations-finder-1.0.jar  

C:\Projects\IntelliJ\urban-geo-pulse\basic-implementation\services\locations-finder>start /B  java -Xms128M -jar target\locations-finder-1.0.jar  

C:\Projects\IntelliJ\urban-geo-pulse\basic-implementation\services\locations-finder>@REM Note: LOCATIONS_FINDER_MOBILITY_TYPE_PARTITIONS_COUNT partitions =  

C:\Projects\IntelliJ\urban-geo-pulse\basic-implementation\services\locations-finder>@REM 		LOCATIONS_FINDER_CONSUMER_THREADS_COUNT of street +  

C:\Projects\IntelliJ\urban-geo-pulse\basic-implementation\services\locations-finder>@REM 		LOCATIONS_FINDER_CONSUMER_THREADS_COUNT of neighborhood  

C:\Projects\IntelliJ\urban-geo-pulse\basic-implementation\services\locations-finder>@REM ------------------------------------------------------------------- 

C:\Projects\IntelliJ\urban-geo-pulse\basic-implementation\services\locations-finder>set LOCATIONS_FINDER_MOBILITY_TYPE=mobilized 

C:\Projects\IntelliJ\urban-geo-pulse\basic-implementation\services\locations-finder>set LOCATIONS_FINDER_MOBILITY_TYPE_PARTITIONS_COUNT=10 

C:\Projects\IntelliJ\urban-geo-pulse\basic-implementation\services\locations-finder>set LOCATIONS_FINDER_LOCATION_TYPE=street 

C:\Projects\IntelliJ\urban-geo-pulse\basic-implementation\services\locations-finder>set LOCATIONS_FINDER_CONSUMER_THREADS_COUNT=5 

C:\Projects\IntelliJ\urban-geo-pulse\basic-implementation\services\locations-finder>for /L %i in (1 1 1) do start /B  java -Xms128M -jar target\locations-finder-1.0.jar  

C:\Projects\IntelliJ\urban-geo-pulse\basic-implementation\services\locations-finder>start /B  java -Xms128M -jar target\locations-finder-1.0.jar  

C:\Projects\IntelliJ\urban-geo-pulse\basic-implementation\services\locations-finder>set LOCATIONS_FINDER_LOCATION_TYPE=neighborhood 

C:\Projects\IntelliJ\urban-geo-pulse\basic-implementation\services\locations-finder>set LOCATIONS_FINDER_CONSUMER_THREADS_COUNT=5 

C:\Projects\IntelliJ\urban-geo-pulse\basic-implementation\services\locations-finder>for /L %i in (1 1 1) do start /B  java -Xms128M -jar target\locations-finder-1.0.jar  

C:\Projects\IntelliJ\urban-geo-pulse\basic-implementation\services\locations-finder>start /B  java -Xms128M -jar target\locations-finder-1.0.jar  

C:\Projects\IntelliJ\urban-geo-pulse\basic-implementation\services\locations-finder>
  .   ____          _            __ _ _
 /\\ / ___'_ __ _ _(_)_ __  __ _ \ \ \ \
( ( )\___ | '_ | '_| | '_ \/ _` | \ \ \ \
 \\/  ___)| |_)| | | | | || (_| |  ) ) ) )
  '  |____| .__|_| |_|_| |_\__, | / / / /
 =========|_|==============|___/=/_/_/_/
 :: Spring Boot ::                (v2.4.5)


  .   ____          _            __ _ _
 /\\ / ___'_ __ _ _(_)_ __  __ _ \ \ \ \
( ( )\___ | '_ | '_| | '_ \/ _` | \ \ \ \
 \\/  ___)| |_)| | | | | || (_| |  ) ) ) )
  '  |____| .__|_| |_|_| |_\__, | / / / /
 =========|_|==============|___/=/_/_/_/
 :: Spring Boot ::                (v2.4.5)


  .   ____          _            __ _ _
 /\\ / ___'_ __ _ _(_)_ __  __ _ \ \ \ \
( ( )\___ | '_ | '_| | '_ \/ _` | \ \ \ \
 \\/  ___)| |_)| | | | | || (_| |  ) ) ) )
  '  |____| .__|_| |_|_| |_\__, | / / / /
 =========|_|==============|___/=/_/_/_/
 :: Spring Boot ::                (v2.4.5)

2025-02-26 19:40:34.318  INFO 17208 --- [           main] com.urbangeopulse.finder.Application     : Starting Application v1.0 using Java 21.0.6 on ANAT-WIN10 with PID 17208 (C:\Projects\IntelliJ\urban-geo-pulse\basic-implementation\services\locations-finder\target\locations-finder-1.0.jar started by הילה חכמון in C:\Projects\IntelliJ\urban-geo-pulse\basic-implementation\services\locations-finder)
2025-02-26 19:40:34.379  INFO 17208 --- [           main] com.urbangeopulse.finder.Application     : No active profile set, falling back to default profiles: default
2025-02-26 19:40:34.408  INFO 6524 --- [           main] com.urbangeopulse.finder.Application     : Starting Application v1.0 using Java 21.0.6 on ANAT-WIN10 with PID 6524 (C:\Projects\IntelliJ\urban-geo-pulse\basic-implementation\services\locations-finder\target\locations-finder-1.0.jar started by הילה חכמון in C:\Projects\IntelliJ\urban-geo-pulse\basic-implementation\services\locations-finder)
2025-02-26 19:40:34.413  INFO 6524 --- [           main] com.urbangeopulse.finder.Application     : No active profile set, falling back to default profiles: default

  .   ____          _            __ _ _
 /\\ / ___'_ __ _ _(_)_ __  __ _ \ \ \ \
( ( )\___ | '_ | '_| | '_ \/ _` | \ \ \ \
 \\/  ___)| |_)| | | | | || (_| |  ) ) ) )
  '  |____| .__|_| |_|_| |_\__, | / / / /
 =========|_|==============|___/=/_/_/_/
 :: Spring Boot ::                (v2.4.5)

2025-02-26 19:40:34.638  INFO 21660 --- [           main] com.urbangeopulse.finder.Application     : Starting Application v1.0 using Java 21.0.6 on ANAT-WIN10 with PID 21660 (C:\Projects\IntelliJ\urban-geo-pulse\basic-implementation\services\locations-finder\target\locations-finder-1.0.jar started by הילה חכמון in C:\Projects\IntelliJ\urban-geo-pulse\basic-implementation\services\locations-finder)
2025-02-26 19:40:34.643  INFO 21660 --- [           main] com.urbangeopulse.finder.Application     : No active profile set, falling back to default profiles: default
2025-02-26 19:40:35.193  INFO 16836 --- [           main] com.urbangeopulse.finder.Application     : Starting Application v1.0 using Java 21.0.6 on ANAT-WIN10 with PID 16836 (C:\Projects\IntelliJ\urban-geo-pulse\basic-implementation\services\locations-finder\target\locations-finder-1.0.jar started by הילה חכמון in C:\Projects\IntelliJ\urban-geo-pulse\basic-implementation\services\locations-finder)
2025-02-26 19:40:35.236  INFO 16836 --- [           main] com.urbangeopulse.finder.Application     : No active profile set, falling back to default profiles: default
2025-02-26 19:40:38.966  INFO 6524 --- [           main] c.urbangeopulse.finder.LocationsFinder   : Creating input topic 'mobilized_geo_locations' with 10 partitions, output topic 'mobilized_streets', and delay manager topic 'delays', if they do not exist yet. . ...
2025-02-26 19:40:39.520  INFO 21660 --- [           main] c.urbangeopulse.finder.LocationsFinder   : Creating input topic 'pedestrians_geo_locations' with 15 partitions, output topic 'pedestrians_neighborhoods', and delay manager topic 'delays', if they do not exist yet. . ...
2025-02-26 19:40:40.254  INFO 16836 --- [           main] c.urbangeopulse.finder.LocationsFinder   : Creating input topic 'mobilized_geo_locations' with 10 partitions, output topic 'mobilized_neighborhoods', and delay manager topic 'delays', if they do not exist yet. . ...
2025-02-26 19:40:40.436  INFO 17208 --- [           main] c.urbangeopulse.finder.LocationsFinder   : Creating input topic 'pedestrians_geo_locations' with 15 partitions, output topic 'pedestrians_streets', and delay manager topic 'delays', if they do not exist yet. . ...
2025-02-26 19:40:43.088  WARN 17208 --- [           main] c.urbangeopulse.utils.kafka.KafkaUtils   : Failed to create topic 'pedestrians_geo_locations' due to TopicExistsException, after 0 seconds.
2025-02-26 19:40:43.187  WARN 16836 --- [           main] c.urbangeopulse.utils.kafka.KafkaUtils   : Failed to create topic 'mobilized_geo_locations' due to TopicExistsException, after 0 seconds.
2025-02-26 19:40:45.841  WARN 16836 --- [           main] c.urbangeopulse.utils.kafka.KafkaUtils   : Failed to create topic 'delays' due to TopicExistsException, after 0 seconds.
2025-02-26 19:40:45.843  INFO 16836 --- [           main] c.urbangeopulse.finder.LocationsFinder   : Started  5 consumer threads from topic 'mobilized_geo_locations' to topic 'mobilized_neighborhoods'.
2025-02-26 19:40:46.134  INFO 16836 --- [           main] com.urbangeopulse.finder.Application     : Started Application in 14.228 seconds (JVM running for 18.099)
2025-02-26 19:40:46.231  INFO 17208 --- [           main] c.urbangeopulse.finder.LocationsFinder   : Started  8 consumer threads from topic 'pedestrians_geo_locations' to topic 'pedestrians_streets'.
2025-02-26 19:40:46.526  INFO 21660 --- [           main] c.urbangeopulse.finder.LocationsFinder   : Started  7 consumer threads from topic 'pedestrians_geo_locations' to topic 'pedestrians_neighborhoods'.
2025-02-26 19:40:47.078  INFO 17208 --- [           main] com.urbangeopulse.finder.Application     : Started Application in 16.825 seconds (JVM running for 19.119)
2025-02-26 19:40:47.360  INFO 6524 --- [           main] c.urbangeopulse.finder.LocationsFinder   : Started  5 consumer threads from topic 'mobilized_geo_locations' to topic 'mobilized_streets'.
2025-02-26 19:40:47.578  INFO 21660 --- [           main] com.urbangeopulse.finder.Application     : Started Application in 17.283 seconds (JVM running for 19.623)
2025-02-26 19:40:48.070  INFO 6524 --- [           main] com.urbangeopulse.finder.Application     : Started Application in 17.66 seconds (JVM running for 20.039)
2025-02-26 19:42:12.714  INFO 17208 --- [pool-1-thread-8] c.urbangeopulse.finder.LocationsFinder   : 10,000 records consumed from topic 'pedestrians_geo_locations' for 'streets' ...
2025-02-26 19:42:14.920  INFO 21660 --- [pool-1-thread-5] c.urbangeopulse.finder.LocationsFinder   : 10,000 records consumed from topic 'pedestrians_geo_locations' for 'neighborhoods' ...
2025-02-26 19:42:54.901  INFO 17208 --- [pool-1-thread-2] c.urbangeopulse.finder.LocationsFinder   : 20,000 records consumed from topic 'pedestrians_geo_locations' for 'streets' ...
2025-02-26 19:42:58.921  INFO 21660 --- [pool-1-thread-6] c.urbangeopulse.finder.LocationsFinder   : 20,000 records consumed from topic 'pedestrians_geo_locations' for 'neighborhoods' ...
2025-02-26 19:43:32.986  INFO 17208 --- [pool-1-thread-2] c.urbangeopulse.finder.LocationsFinder   : 30,000 records consumed from topic 'pedestrians_geo_locations' for 'streets' ...
2025-02-26 19:43:38.721  INFO 21660 --- [pool-1-thread-2] c.urbangeopulse.finder.LocationsFinder   : 30,000 records consumed from topic 'pedestrians_geo_locations' for 'neighborhoods' ...
2025-02-26 19:44:03.870  INFO 16836 --- [pool-1-thread-4] c.urbangeopulse.finder.LocationsFinder   : 10,000 records consumed from topic 'mobilized_geo_locations' for 'neighborhoods' ...
2025-02-26 19:44:03.874  INFO 6524 --- [pool-1-thread-4] c.urbangeopulse.finder.LocationsFinder   : 10,000 records consumed from topic 'mobilized_geo_locations' for 'streets' ...
2025-02-26 19:44:07.165  INFO 17208 --- [pool-1-thread-5] c.urbangeopulse.finder.LocationsFinder   : 40,000 records consumed from topic 'pedestrians_geo_locations' for 'streets' ...
2025-02-26 19:44:14.571  INFO 21660 --- [pool-1-thread-3] c.urbangeopulse.finder.LocationsFinder   : 40,000 records consumed from topic 'pedestrians_geo_locations' for 'neighborhoods' ...
