
C:\Projects\IntelliJ\urban-geo-pulse\basic-implementation\services\mobilization-classifier>set MOBILIZATION_CLASSIFIER_AUTO_OFFSET_RESET_CONFIG=earliest 

C:\Projects\IntelliJ\urban-geo-pulse\basic-implementation\services\mobilization-classifier>set MOBILIZATION_CLASSIFIER_SESSION_TIMEOUT_SECONDS_CONFIG=120 

C:\Projects\IntelliJ\urban-geo-pulse\basic-implementation\services\mobilization-classifier>set PEDESTRIANS_GEO_LOCATIONS_TOPIC_NAME=pedestrians_geo_locations 

C:\Projects\IntelliJ\urban-geo-pulse\basic-implementation\services\mobilization-classifier>set MOBILIZED_GEO_LOCATIONS_TOPIC_NAME=mobilized_geo_locations 

C:\Projects\IntelliJ\urban-geo-pulse\basic-implementation\services\mobilization-classifier>for /L %i in (1 1 1) do start /B  java -Xms128M -jar target\mobilization-classifier-1.0.jar  

C:\Projects\IntelliJ\urban-geo-pulse\basic-implementation\services\mobilization-classifier>start /B  java -Xms128M -jar target\mobilization-classifier-1.0.jar  

C:\Projects\IntelliJ\urban-geo-pulse\basic-implementation\services\mobilization-classifier>
  .   ____          _            __ _ _
 /\\ / ___'_ __ _ _(_)_ __  __ _ \ \ \ \
( ( )\___ | '_ | '_| | '_ \/ _` | \ \ \ \
 \\/  ___)| |_)| | | | | || (_| |  ) ) ) )
  '  |____| .__|_| |_|_| |_\__, | / / / /
 =========|_|==============|___/=/_/_/_/
 :: Spring Boot ::                (v2.4.5)

2025-02-26 19:40:34.312  INFO 3360 --- [           main] c.urbangeopulse.classifier.Application   : Starting Application v1.0 using Java 21.0.6 on ANAT-WIN10 with PID 3360 (C:\Projects\IntelliJ\urban-geo-pulse\basic-implementation\services\mobilization-classifier\target\mobilization-classifier-1.0.jar started by הילה חכמון in C:\Projects\IntelliJ\urban-geo-pulse\basic-implementation\services\mobilization-classifier)
2025-02-26 19:40:34.317  INFO 3360 --- [           main] c.urbangeopulse.classifier.Application   : No active profile set, falling back to default profiles: default
2025-02-26 19:40:38.684  INFO 3360 --- [           main] c.u.classifier.MobilizationClassifier    : Creating input topic 'people_geo_locations' with 20 partitions, and output topics 'pedestrians_geo_locations' and 'mobilized_geo_locations', if they do not exist yet. . ...


C:\Projects\IntelliJ\urban-geo-pulse\basic-implementation\services\mobilization-classifier>2025-02-26 19:40:43.672  WARN 3360 --- [           main] c.urbangeopulse.utils.kafka.KafkaUtils   : Failed to create topic 'pedestrians_geo_locations' due to TopicExistsException, after 0 seconds.
2025-02-26 19:40:43.752  WARN 3360 --- [           main] c.urbangeopulse.utils.kafka.KafkaUtils   : Failed to create topic 'mobilized_geo_locations' due to TopicExistsException, after 0 seconds.
2025-02-26 19:40:43.769  INFO 3360 --- [           main] c.u.classifier.MobilizationClassifier    : Started 20 consumer threads from topic 'people_geo_locations' to topics 'pedestrians_geo_locations' and 'mobilized_geo_locations'.
2025-02-26 19:40:44.170  INFO 3360 --- [           main] c.urbangeopulse.classifier.Application   : Started Application in 13.895 seconds (JVM running for 16.324)
2025-02-26 19:41:37.450  INFO 3360 --- [pool-1-thread-4] c.u.classifier.MobilizationClassifier    : 10,000 records consumed from topic 'people_geo_locations'.
2025-02-26 19:42:01.991  INFO 3360 --- [pool-1-thread-5] c.u.classifier.MobilizationClassifier    : 20,000 records consumed from topic 'people_geo_locations'.
2025-02-26 19:42:23.559  INFO 3360 --- [ool-1-thread-17] c.u.classifier.MobilizationClassifier    : 30,000 records consumed from topic 'people_geo_locations'.
2025-02-26 19:42:37.877  INFO 3360 --- [ool-1-thread-15] c.u.classifier.MobilizationClassifier    : 40,000 records consumed from topic 'people_geo_locations'.
2025-02-26 19:42:52.688  INFO 3360 --- [ool-1-thread-11] c.u.classifier.MobilizationClassifier    : 50,000 records consumed from topic 'people_geo_locations'.
2025-02-26 19:43:08.811  INFO 3360 --- [ool-1-thread-14] c.u.classifier.MobilizationClassifier    : 60,000 records consumed from topic 'people_geo_locations'.
2025-02-26 19:43:22.509  INFO 3360 --- [ool-1-thread-10] c.u.classifier.MobilizationClassifier    : 70,000 records consumed from topic 'people_geo_locations'.
2025-02-26 19:43:36.403  INFO 3360 --- [ool-1-thread-15] c.u.classifier.MobilizationClassifier    : 80,000 records consumed from topic 'people_geo_locations'.
2025-02-26 19:43:48.654  INFO 3360 --- [ool-1-thread-10] c.u.classifier.MobilizationClassifier    : 90,000 records consumed from topic 'people_geo_locations'.
2025-02-26 19:44:02.649  INFO 3360 --- [pool-1-thread-6] c.u.classifier.MobilizationClassifier    : 100,000 records consumed from topic 'people_geo_locations'.
2025-02-26 19:44:14.855  INFO 3360 --- [ool-1-thread-15] c.u.classifier.MobilizationClassifier    : 110,000 records consumed from topic 'people_geo_locations'.


C:\Projects\IntelliJ\urban-geo-pulse\basic-implementation\services\mobilization-classifier>